g++ -g -O0 -Wall -Wextra -fPIC -Wl,--verbose -c -o tracer.o tracer.cpp -lcds -ldl -pthread
g++ -g -O0 -Wall -Wextra -fPIC -Wl,--verbose -shared -o pthread_trace.so pthread_trace.cpp -Wl,--whole-archive tracer.o \
      	-L. -pthread -Wl,--no-whole-archive -lcds -ldl
GNU ld (GNU Binutils for Ubuntu) 2.34
  Supported emulations:
   elf_x86_64
   elf32_x86_64
   elf_i386
   elf_iamcu
   elf_l1om
   elf_k1om
   i386pep
   i386pe
using internal linker script:
==================================================
/* Script for -shared -z combreloc -z separate-code */
/* Copyright (C) 2014-2020 Free Software Foundation, Inc.
   Copying and distribution of this script, with or without modification,
   are permitted in any medium without royalty provided the copyright
   notice and this notice are preserved.  */
OUTPUT_FORMAT("elf64-x86-64", "elf64-x86-64",
	      "elf64-x86-64")
OUTPUT_ARCH(i386:x86-64)
ENTRY(_start)
SEARCH_DIR("=/usr/local/lib/x86_64-linux-gnu"); SEARCH_DIR("=/lib/x86_64-linux-gnu"); SEARCH_DIR("=/usr/lib/x86_64-linux-gnu"); SEARCH_DIR("=/usr/lib/x86_64-linux-gnu64"); SEARCH_DIR("=/usr/local/lib64"); SEARCH_DIR("=/lib64"); SEARCH_DIR("=/usr/lib64"); SEARCH_DIR("=/usr/local/lib"); SEARCH_DIR("=/lib"); SEARCH_DIR("=/usr/lib"); SEARCH_DIR("=/usr/x86_64-linux-gnu/lib64"); SEARCH_DIR("=/usr/x86_64-linux-gnu/lib");
SECTIONS
{
  . = SEGMENT_START("text-segment", 0) + SIZEOF_HEADERS;
  .note.gnu.build-id  : { *(.note.gnu.build-id) }
  .hash           : { *(.hash) }
  .gnu.hash       : { *(.gnu.hash) }
  .dynsym         : { *(.dynsym) }
  .dynstr         : { *(.dynstr) }
  .gnu.version    : { *(.gnu.version) }
  .gnu.version_d  : { *(.gnu.version_d) }
  .gnu.version_r  : { *(.gnu.version_r) }
  .rela.dyn       :
    {
      *(.rela.init)
      *(.rela.text .rela.text.* .rela.gnu.linkonce.t.*)
      *(.rela.fini)
      *(.rela.rodata .rela.rodata.* .rela.gnu.linkonce.r.*)
      *(.rela.data .rela.data.* .rela.gnu.linkonce.d.*)
      *(.rela.tdata .rela.tdata.* .rela.gnu.linkonce.td.*)
      *(.rela.tbss .rela.tbss.* .rela.gnu.linkonce.tb.*)
      *(.rela.ctors)
      *(.rela.dtors)
      *(.rela.got)
      *(.rela.bss .rela.bss.* .rela.gnu.linkonce.b.*)
      *(.rela.ldata .rela.ldata.* .rela.gnu.linkonce.l.*)
      *(.rela.lbss .rela.lbss.* .rela.gnu.linkonce.lb.*)
      *(.rela.lrodata .rela.lrodata.* .rela.gnu.linkonce.lr.*)
      *(.rela.ifunc)
    }
  .rela.plt       :
    {
      *(.rela.plt)
      *(.rela.iplt)
    }
  . = ALIGN(CONSTANT (MAXPAGESIZE));
  .init           :
  {
    KEEP (*(SORT_NONE(.init)))
  }
  .plt            : { *(.plt) *(.iplt) }
.plt.got        : { *(.plt.got) }
.plt.sec        : { *(.plt.sec) }
  .text           :
  {
    *(.text.unlikely .text.*_unlikely .text.unlikely.*)
    *(.text.exit .text.exit.*)
    *(.text.startup .text.startup.*)
    *(.text.hot .text.hot.*)
    *(SORT(.text.sorted.*))
    *(.text .stub .text.* .gnu.linkonce.t.*)
    /* .gnu.warning sections are handled specially by elf.em.  */
    *(.gnu.warning)
  }
  .fini           :
  {
    KEEP (*(SORT_NONE(.fini)))
  }
  PROVIDE (__etext = .);
  PROVIDE (_etext = .);
  PROVIDE (etext = .);
  . = ALIGN(CONSTANT (MAXPAGESIZE));
  /* Adjust the address for the rodata segment.  We want to adjust up to
     the same address within the page on the next page up.  */
  . = SEGMENT_START("rodata-segment", ALIGN(CONSTANT (MAXPAGESIZE)) + (. & (CONSTANT (MAXPAGESIZE) - 1)));
  .rodata         : { *(.rodata .rodata.* .gnu.linkonce.r.*) }
  .rodata1        : { *(.rodata1) }
  .eh_frame_hdr   : { *(.eh_frame_hdr) *(.eh_frame_entry .eh_frame_entry.*) }
  .eh_frame       : ONLY_IF_RO { KEEP (*(.eh_frame)) *(.eh_frame.*) }
  .gcc_except_table   : ONLY_IF_RO { *(.gcc_except_table .gcc_except_table.*) }
  .gnu_extab   : ONLY_IF_RO { *(.gnu_extab*) }
  /* These sections are generated by the Sun/Oracle C++ compiler.  */
  .exception_ranges   : ONLY_IF_RO { *(.exception_ranges*) }
  /* Adjust the address for the data segment.  We want to adjust up to
     the same address within the page on the next page up.  */
  . = DATA_SEGMENT_ALIGN (CONSTANT (MAXPAGESIZE), CONSTANT (COMMONPAGESIZE));
  /* Exception handling  */
  .eh_frame       : ONLY_IF_RW { KEEP (*(.eh_frame)) *(.eh_frame.*) }
  .gnu_extab      : ONLY_IF_RW { *(.gnu_extab) }
  .gcc_except_table   : ONLY_IF_RW { *(.gcc_except_table .gcc_except_table.*) }
  .exception_ranges   : ONLY_IF_RW { *(.exception_ranges*) }
  /* Thread Local Storage sections  */
  .tdata	  :
   {
     *(.tdata .tdata.* .gnu.linkonce.td.*)
   }
  .tbss		  : { *(.tbss .tbss.* .gnu.linkonce.tb.*) *(.tcommon) }
  .preinit_array    :
  {
    KEEP (*(.preinit_array))
  }
  .init_array    :
  {
    KEEP (*(SORT_BY_INIT_PRIORITY(.init_array.*) SORT_BY_INIT_PRIORITY(.ctors.*)))
    KEEP (*(.init_array EXCLUDE_FILE (*crtbegin.o *crtbegin?.o *crtend.o *crtend?.o ) .ctors))
  }
  .fini_array    :
  {
    KEEP (*(SORT_BY_INIT_PRIORITY(.fini_array.*) SORT_BY_INIT_PRIORITY(.dtors.*)))
    KEEP (*(.fini_array EXCLUDE_FILE (*crtbegin.o *crtbegin?.o *crtend.o *crtend?.o ) .dtors))
  }
  .ctors          :
  {
    /* gcc uses crtbegin.o to find the start of
       the constructors, so we make sure it is
       first.  Because this is a wildcard, it
       doesn't matter if the user does not
       actually link against crtbegin.o; the
       linker won't look for a file to match a
       wildcard.  The wildcard also means that it
       doesn't matter which directory crtbegin.o
       is in.  */
    KEEP (*crtbegin.o(.ctors))
    KEEP (*crtbegin?.o(.ctors))
    /* We don't want to include the .ctor section from
       the crtend.o file until after the sorted ctors.
       The .ctor section from the crtend file contains the
       end of ctors marker and it must be last */
    KEEP (*(EXCLUDE_FILE (*crtend.o *crtend?.o ) .ctors))
    KEEP (*(SORT(.ctors.*)))
    KEEP (*(.ctors))
  }
  .dtors          :
  {
    KEEP (*crtbegin.o(.dtors))
    KEEP (*crtbegin?.o(.dtors))
    KEEP (*(EXCLUDE_FILE (*crtend.o *crtend?.o ) .dtors))
    KEEP (*(SORT(.dtors.*)))
    KEEP (*(.dtors))
  }
  .jcr            : { KEEP (*(.jcr)) }
  .data.rel.ro : { *(.data.rel.ro.local* .gnu.linkonce.d.rel.ro.local.*) *(.data.rel.ro .data.rel.ro.* .gnu.linkonce.d.rel.ro.*) }
  .dynamic        : { *(.dynamic) }
  .got            : { *(.got) *(.igot) }
  . = DATA_SEGMENT_RELRO_END (SIZEOF (.got.plt) >= 24 ? 24 : 0, .);
  .got.plt        : { *(.got.plt) *(.igot.plt) }
  .data           :
  {
    *(.data .data.* .gnu.linkonce.d.*)
    SORT(CONSTRUCTORS)
  }
  .data1          : { *(.data1) }
  PROVIDE (_edata = .); PROVIDE (edata = .);
  . = .;
  PROVIDE (__bss_start = .);
  .bss            :
  {
   *(.dynbss)
   *(.bss .bss.* .gnu.linkonce.b.*)
   *(COMMON)
   /* Align here to ensure that the .bss section occupies space up to
      _end.  Align after .bss to ensure correct alignment even if the
      .bss section disappears because there are no input sections.
      FIXME: Why do we need it? When there is no .bss section, we do not
      pad the .data section.  */
   . = ALIGN(. != 0 ? 64 / 8 : 1);
  }
  .lbss   :
  {
    *(.dynlbss)
    *(.lbss .lbss.* .gnu.linkonce.lb.*)
    *(LARGE_COMMON)
  }
  . = ALIGN(64 / 8);
  . = SEGMENT_START("ldata-segment", .);
  .lrodata   ALIGN(CONSTANT (MAXPAGESIZE)) + (. & (CONSTANT (MAXPAGESIZE) - 1)) :
  {
    *(.lrodata .lrodata.* .gnu.linkonce.lr.*)
  }
  .ldata   ALIGN(CONSTANT (MAXPAGESIZE)) + (. & (CONSTANT (MAXPAGESIZE) - 1)) :
  {
    *(.ldata .ldata.* .gnu.linkonce.l.*)
    . = ALIGN(. != 0 ? 64 / 8 : 1);
  }
  . = ALIGN(64 / 8);
  PROVIDE (_end = .); PROVIDE (end = .);
  . = DATA_SEGMENT_END (.);
  /* Stabs debugging sections.  */
  .stab          0 : { *(.stab) }
  .stabstr       0 : { *(.stabstr) }
  .stab.excl     0 : { *(.stab.excl) }
  .stab.exclstr  0 : { *(.stab.exclstr) }
  .stab.index    0 : { *(.stab.index) }
  .stab.indexstr 0 : { *(.stab.indexstr) }
  .comment       0 : { *(.comment) }
  .gnu.build.attributes : { *(.gnu.build.attributes .gnu.build.attributes.*) }
  /* DWARF debug sections.
     Symbols in the DWARF debugging sections are relative to the beginning
     of the section so we begin them at 0.  */
  /* DWARF 1 */
  .debug          0 : { *(.debug) }
  .line           0 : { *(.line) }
  /* GNU DWARF 1 extensions */
  .debug_srcinfo  0 : { *(.debug_srcinfo) }
  .debug_sfnames  0 : { *(.debug_sfnames) }
  /* DWARF 1.1 and DWARF 2 */
  .debug_aranges  0 : { *(.debug_aranges) }
  .debug_pubnames 0 : { *(.debug_pubnames) }
  /* DWARF 2 */
  .debug_info     0 : { *(.debug_info .gnu.linkonce.wi.*) }
  .debug_abbrev   0 : { *(.debug_abbrev) }
  .debug_line     0 : { *(.debug_line .debug_line.* .debug_line_end) }
  .debug_frame    0 : { *(.debug_frame) }
  .debug_str      0 : { *(.debug_str) }
  .debug_loc      0 : { *(.debug_loc) }
  .debug_macinfo  0 : { *(.debug_macinfo) }
  /* SGI/MIPS DWARF 2 extensions */
  .debug_weaknames 0 : { *(.debug_weaknames) }
  .debug_funcnames 0 : { *(.debug_funcnames) }
  .debug_typenames 0 : { *(.debug_typenames) }
  .debug_varnames  0 : { *(.debug_varnames) }
  /* DWARF 3 */
  .debug_pubtypes 0 : { *(.debug_pubtypes) }
  .debug_ranges   0 : { *(.debug_ranges) }
  /* DWARF Extension.  */
  .debug_macro    0 : { *(.debug_macro) }
  .debug_addr     0 : { *(.debug_addr) }
  .gnu.attributes 0 : { KEEP (*(.gnu.attributes)) }
  /DISCARD/ : { *(.note.GNU-stack) *(.gnu_debuglink) *(.gnu.lto_*) }
}


==================================================
/usr/bin/ld: mode elf_x86_64
attempt to open /usr/lib/gcc/x86_64-linux-gnu/9/../../../x86_64-linux-gnu/crti.o succeeded
/usr/lib/gcc/x86_64-linux-gnu/9/../../../x86_64-linux-gnu/crti.o
attempt to open /usr/lib/gcc/x86_64-linux-gnu/9/crtbeginS.o succeeded
/usr/lib/gcc/x86_64-linux-gnu/9/crtbeginS.o
attempt to open /tmp/ccvqS95O.o succeeded
/tmp/ccvqS95O.o
attempt to open tracer.o succeeded
tracer.o
attempt to open ./libcds.so failed
attempt to open ./libcds.a failed
attempt to open /usr/lib/gcc/x86_64-linux-gnu/9/libcds.so failed
attempt to open /usr/lib/gcc/x86_64-linux-gnu/9/libcds.a failed
attempt to open /usr/lib/gcc/x86_64-linux-gnu/9/../../../x86_64-linux-gnu/libcds.so succeeded
/usr/lib/gcc/x86_64-linux-gnu/9/../../../x86_64-linux-gnu/libcds.so
attempt to open ./libdl.so failed
attempt to open ./libdl.a failed
attempt to open /usr/lib/gcc/x86_64-linux-gnu/9/libdl.so failed
attempt to open /usr/lib/gcc/x86_64-linux-gnu/9/libdl.a failed
attempt to open /usr/lib/gcc/x86_64-linux-gnu/9/../../../x86_64-linux-gnu/libdl.so succeeded
/usr/lib/gcc/x86_64-linux-gnu/9/../../../x86_64-linux-gnu/libdl.so
attempt to open ./libstdc++.so failed
attempt to open ./libstdc++.a failed
attempt to open /usr/lib/gcc/x86_64-linux-gnu/9/libstdc++.so succeeded
/usr/lib/gcc/x86_64-linux-gnu/9/libstdc++.so
attempt to open ./libm.so failed
attempt to open ./libm.a failed
attempt to open /usr/lib/gcc/x86_64-linux-gnu/9/libm.so failed
attempt to open /usr/lib/gcc/x86_64-linux-gnu/9/libm.a failed
attempt to open /usr/lib/gcc/x86_64-linux-gnu/9/../../../x86_64-linux-gnu/libm.so succeeded
opened script file /usr/lib/gcc/x86_64-linux-gnu/9/../../../x86_64-linux-gnu/libm.so
/usr/lib/gcc/x86_64-linux-gnu/9/../../../x86_64-linux-gnu/libm.so
opened script file /usr/lib/gcc/x86_64-linux-gnu/9/../../../x86_64-linux-gnu/libm.so
attempt to open /lib/x86_64-linux-gnu/libm.so.6 succeeded
/lib/x86_64-linux-gnu/libm.so.6
attempt to open /lib/x86_64-linux-gnu/libmvec.so.1 succeeded
/lib/x86_64-linux-gnu/libmvec.so.1
attempt to open ./libgcc_s.so failed
attempt to open ./libgcc_s.a failed
attempt to open /usr/lib/gcc/x86_64-linux-gnu/9/libgcc_s.so succeeded
opened script file /usr/lib/gcc/x86_64-linux-gnu/9/libgcc_s.so
/usr/lib/gcc/x86_64-linux-gnu/9/libgcc_s.so
opened script file /usr/lib/gcc/x86_64-linux-gnu/9/libgcc_s.so
attempt to open libgcc_s.so.1 failed
attempt to open ./libgcc_s.so.1 failed
attempt to open /usr/lib/gcc/x86_64-linux-gnu/9/libgcc_s.so.1 failed
attempt to open /usr/lib/gcc/x86_64-linux-gnu/9/../../../x86_64-linux-gnu/libgcc_s.so.1 succeeded
/usr/lib/gcc/x86_64-linux-gnu/9/../../../x86_64-linux-gnu/libgcc_s.so.1
attempt to open ./libgcc.so failed
attempt to open ./libgcc.a failed
attempt to open /usr/lib/gcc/x86_64-linux-gnu/9/libgcc.so failed
attempt to open /usr/lib/gcc/x86_64-linux-gnu/9/libgcc.a succeeded
/usr/lib/gcc/x86_64-linux-gnu/9/libgcc.a
/usr/lib/gcc/x86_64-linux-gnu/9/libgcc.a
attempt to open ./libpthread.so failed
attempt to open ./libpthread.a failed
attempt to open /usr/lib/gcc/x86_64-linux-gnu/9/libpthread.so failed
attempt to open /usr/lib/gcc/x86_64-linux-gnu/9/libpthread.a failed
attempt to open /usr/lib/gcc/x86_64-linux-gnu/9/../../../x86_64-linux-gnu/libpthread.so succeeded
/usr/lib/gcc/x86_64-linux-gnu/9/../../../x86_64-linux-gnu/libpthread.so
attempt to open ./libc.so failed
attempt to open ./libc.a failed
attempt to open /usr/lib/gcc/x86_64-linux-gnu/9/libc.so failed
attempt to open /usr/lib/gcc/x86_64-linux-gnu/9/libc.a failed
attempt to open /usr/lib/gcc/x86_64-linux-gnu/9/../../../x86_64-linux-gnu/libc.so succeeded
opened script file /usr/lib/gcc/x86_64-linux-gnu/9/../../../x86_64-linux-gnu/libc.so
/usr/lib/gcc/x86_64-linux-gnu/9/../../../x86_64-linux-gnu/libc.so
opened script file /usr/lib/gcc/x86_64-linux-gnu/9/../../../x86_64-linux-gnu/libc.so
attempt to open /lib/x86_64-linux-gnu/libc.so.6 succeeded
/lib/x86_64-linux-gnu/libc.so.6
attempt to open /usr/lib/x86_64-linux-gnu/libc_nonshared.a succeeded
/usr/lib/x86_64-linux-gnu/libc_nonshared.a
attempt to open /lib/x86_64-linux-gnu/ld-linux-x86-64.so.2 succeeded
/lib/x86_64-linux-gnu/ld-linux-x86-64.so.2
/usr/lib/x86_64-linux-gnu/libc_nonshared.a
/lib/x86_64-linux-gnu/ld-linux-x86-64.so.2
attempt to open ./libgcc_s.so failed
attempt to open ./libgcc_s.a failed
attempt to open /usr/lib/gcc/x86_64-linux-gnu/9/libgcc_s.so succeeded
opened script file /usr/lib/gcc/x86_64-linux-gnu/9/libgcc_s.so
/usr/lib/gcc/x86_64-linux-gnu/9/libgcc_s.so
opened script file /usr/lib/gcc/x86_64-linux-gnu/9/libgcc_s.so
attempt to open libgcc_s.so.1 failed
attempt to open ./libgcc_s.so.1 failed
attempt to open /usr/lib/gcc/x86_64-linux-gnu/9/libgcc_s.so.1 failed
attempt to open /usr/lib/gcc/x86_64-linux-gnu/9/../../../x86_64-linux-gnu/libgcc_s.so.1 succeeded
/usr/lib/gcc/x86_64-linux-gnu/9/../../../x86_64-linux-gnu/libgcc_s.so.1
attempt to open ./libgcc.so failed
attempt to open ./libgcc.a failed
attempt to open /usr/lib/gcc/x86_64-linux-gnu/9/libgcc.so failed
attempt to open /usr/lib/gcc/x86_64-linux-gnu/9/libgcc.a succeeded
/usr/lib/gcc/x86_64-linux-gnu/9/libgcc.a
attempt to open /usr/lib/gcc/x86_64-linux-gnu/9/crtendS.o succeeded
/usr/lib/gcc/x86_64-linux-gnu/9/crtendS.o
attempt to open /usr/lib/gcc/x86_64-linux-gnu/9/../../../x86_64-linux-gnu/crtn.o succeeded
/usr/lib/gcc/x86_64-linux-gnu/9/../../../x86_64-linux-gnu/crtn.o
